TimeQuest Timing Analyzer report for part4
Thu Sep 28 11:16:04 2017
Quartus II 64-Bit Version 12.1 Build 243 01/31/2013 Service Pack 1 SJ Web Edition


---------------------
; Table of Contents ;
---------------------
  1. Legal Notice
  2. TimeQuest Timing Analyzer Summary
  3. Parallel Compilation
  4. Clocks
  5. Slow Model Fmax Summary
  6. Slow Model Setup Summary
  7. Slow Model Hold Summary
  8. Slow Model Recovery Summary
  9. Slow Model Removal Summary
 10. Slow Model Minimum Pulse Width Summary
 11. Propagation Delay
 12. Minimum Propagation Delay
 13. Fast Model Setup Summary
 14. Fast Model Hold Summary
 15. Fast Model Recovery Summary
 16. Fast Model Removal Summary
 17. Fast Model Minimum Pulse Width Summary
 18. Propagation Delay
 19. Minimum Propagation Delay
 20. Multicorner Timing Analysis Summary
 21. Progagation Delay
 22. Minimum Progagation Delay
 23. Clock Transfers
 24. Report TCCS
 25. Report RSKM
 26. Unconstrained Paths
 27. TimeQuest Timing Analyzer Messages



----------------
; Legal Notice ;
----------------
Copyright (C) 1991-2012 Altera Corporation
Your use of Altera Corporation's design tools, logic functions 
and other software and tools, and its AMPP partner logic 
functions, and any output files from any of the foregoing 
(including device programming or simulation files), and any 
associated documentation or information are expressly subject 
to the terms and conditions of the Altera Program License 
Subscription Agreement, Altera MegaCore Function License 
Agreement, or other applicable license agreement, including, 
without limitation, that your use is for the sole purpose of 
programming logic devices manufactured by Altera and sold by 
Altera or its authorized distributors.  Please refer to the 
applicable agreement for further details.



+--------------------------------------------------------------------------------------+
; TimeQuest Timing Analyzer Summary                                                    ;
+--------------------+-----------------------------------------------------------------+
; Quartus II Version ; Version 12.1 Build 243 01/31/2013 Service Pack 1 SJ Web Edition ;
; Revision Name      ; part4                                                           ;
; Device Family      ; Cyclone II                                                      ;
; Device Name        ; EP2C35F672C6                                                    ;
; Timing Models      ; Final                                                           ;
; Delay Model        ; Combined                                                        ;
; Rise/Fall Delays   ; Unavailable                                                     ;
+--------------------+-----------------------------------------------------------------+


Parallel compilation was disabled, but you have multiple processors available. Enable parallel compilation to reduce compilation time.
+-------------------------------------+
; Parallel Compilation                ;
+----------------------------+--------+
; Processors                 ; Number ;
+----------------------------+--------+
; Number detected on machine ; 4      ;
; Maximum allowed            ; 1      ;
+----------------------------+--------+


----------
; Clocks ;
----------
No clocks to report.


---------------------------
; Slow Model Fmax Summary ;
---------------------------
No paths to report.


----------------------------
; Slow Model Setup Summary ;
----------------------------
No paths to report.


---------------------------
; Slow Model Hold Summary ;
---------------------------
No paths to report.


-------------------------------
; Slow Model Recovery Summary ;
-------------------------------
No paths to report.


------------------------------
; Slow Model Removal Summary ;
------------------------------
No paths to report.


------------------------------------------
; Slow Model Minimum Pulse Width Summary ;
------------------------------------------
No paths to report.


+--------------------------------------------------------------+
; Propagation Delay                                            ;
+------------+-------------+--------+--------+--------+--------+
; Input Port ; Output Port ; RR     ; RF     ; FR     ; FF     ;
+------------+-------------+--------+--------+--------+--------+
; KEY[0]     ; HEX0[0]     ; 12.524 ; 14.631 ; 14.631 ; 12.524 ;
; KEY[0]     ; HEX0[1]     ; 14.582 ; 14.582 ; 14.582 ; 14.582 ;
; KEY[0]     ; HEX0[2]     ; 14.161 ; 14.161 ; 14.161 ; 14.161 ;
; KEY[0]     ; HEX0[3]     ; 12.266 ; 14.373 ; 14.373 ; 12.266 ;
; KEY[0]     ; HEX0[4]     ; 12.916 ; 14.359 ; 14.359 ; 12.916 ;
; KEY[0]     ; HEX0[5]     ; 12.245 ; 14.352 ; 14.352 ; 12.245 ;
; KEY[0]     ; HEX0[6]     ; 11.517 ; 12.241 ; 12.241 ; 11.517 ;
; KEY[1]     ; HEX0[0]     ; 13.580 ; 13.580 ; 13.580 ; 13.580 ;
; KEY[1]     ; HEX0[1]     ; 13.501 ; 13.501 ; 13.501 ; 13.501 ;
; KEY[1]     ; HEX0[2]     ; 13.185 ; 13.185 ; 13.185 ; 13.185 ;
; KEY[1]     ; HEX0[3]     ; 13.322 ; 13.322 ; 13.322 ; 13.322 ;
; KEY[1]     ; HEX0[4]     ; 13.287 ; 13.287 ; 13.287 ; 13.287 ;
; KEY[1]     ; HEX0[5]     ; 13.301 ; 13.301 ; 13.301 ; 13.301 ;
; KEY[1]     ; HEX0[6]     ; 12.162 ; 12.162 ; 12.162 ; 12.162 ;
; KEY[2]     ; HEX0[0]     ; 13.356 ; 13.356 ; 13.356 ; 13.356 ;
; KEY[2]     ; HEX0[1]     ; 13.280 ; 13.280 ; 13.280 ; 13.280 ;
; KEY[2]     ; HEX0[2]     ; 12.964 ; 12.964 ; 12.964 ; 12.964 ;
; KEY[2]     ; HEX0[3]     ; 13.098 ; 13.098 ; 13.098 ; 13.098 ;
; KEY[2]     ; HEX0[4]     ; 13.063 ; 13.063 ; 13.063 ; 13.063 ;
; KEY[2]     ; HEX0[5]     ; 13.077 ; 13.077 ; 13.077 ; 13.077 ;
; KEY[2]     ; HEX0[6]     ; 11.941 ; 11.941 ; 11.941 ; 11.941 ;
; SW[0]      ; HEX0[0]     ;        ; 12.663 ; 12.663 ;        ;
; SW[0]      ; HEX0[1]     ;        ; 12.584 ; 12.584 ;        ;
; SW[0]      ; HEX0[3]     ;        ; 12.405 ; 12.405 ;        ;
; SW[0]      ; HEX0[4]     ; 12.370 ; 12.370 ; 12.370 ; 12.370 ;
; SW[0]      ; HEX0[5]     ;        ; 12.384 ; 12.384 ;        ;
; SW[1]      ; HEX0[0]     ;        ; 12.539 ; 12.539 ;        ;
; SW[1]      ; HEX0[1]     ; 12.490 ; 12.490 ; 12.490 ; 12.490 ;
; SW[1]      ; HEX0[2]     ; 12.069 ; 12.069 ; 12.069 ; 12.069 ;
; SW[1]      ; HEX0[3]     ;        ; 12.281 ; 12.281 ;        ;
; SW[1]      ; HEX0[4]     ;        ; 12.267 ; 12.267 ;        ;
; SW[1]      ; HEX0[5]     ;        ; 12.260 ; 12.260 ;        ;
; SW[2]      ; HEX0[0]     ;        ; 12.645 ; 12.645 ;        ;
; SW[2]      ; HEX0[1]     ; 12.596 ; 12.596 ; 12.596 ; 12.596 ;
; SW[2]      ; HEX0[2]     ; 12.962 ; 12.962 ; 12.962 ; 12.962 ;
; SW[2]      ; HEX0[3]     ;        ; 12.387 ; 12.387 ;        ;
; SW[2]      ; HEX0[4]     ;        ; 12.377 ; 12.377 ;        ;
; SW[2]      ; HEX0[5]     ;        ; 12.366 ; 12.366 ;        ;
; SW[2]      ; HEX0[6]     ;        ; 11.939 ; 11.939 ;        ;
; SW[3]      ; HEX0[0]     ;        ; 12.447 ; 12.447 ;        ;
; SW[3]      ; HEX0[1]     ;        ; 12.368 ; 12.368 ;        ;
; SW[3]      ; HEX0[3]     ;        ; 12.189 ; 12.189 ;        ;
; SW[3]      ; HEX0[4]     ; 12.154 ; 12.154 ; 12.154 ; 12.154 ;
; SW[3]      ; HEX0[5]     ;        ; 12.168 ; 12.168 ;        ;
; SW[4]      ; HEX0[0]     ;        ; 12.197 ; 12.197 ;        ;
; SW[4]      ; HEX0[1]     ; 12.148 ; 12.148 ; 12.148 ; 12.148 ;
; SW[4]      ; HEX0[2]     ; 11.727 ; 11.727 ; 11.727 ; 11.727 ;
; SW[4]      ; HEX0[3]     ;        ; 11.939 ; 11.939 ;        ;
; SW[4]      ; HEX0[4]     ;        ; 11.925 ; 11.925 ;        ;
; SW[4]      ; HEX0[5]     ;        ; 11.918 ; 11.918 ;        ;
; SW[5]      ; HEX0[0]     ;        ; 12.143 ; 12.143 ;        ;
; SW[5]      ; HEX0[1]     ; 12.094 ; 12.094 ; 12.094 ; 12.094 ;
; SW[5]      ; HEX0[2]     ; 12.460 ; 12.460 ; 12.460 ; 12.460 ;
; SW[5]      ; HEX0[3]     ;        ; 11.885 ; 11.885 ;        ;
; SW[5]      ; HEX0[4]     ;        ; 11.875 ; 11.875 ;        ;
; SW[5]      ; HEX0[5]     ;        ; 11.864 ; 11.864 ;        ;
; SW[5]      ; HEX0[6]     ;        ; 11.437 ; 11.437 ;        ;
; SW[6]      ; HEX0[0]     ;        ; 12.721 ; 12.721 ;        ;
; SW[6]      ; HEX0[1]     ;        ; 12.642 ; 12.642 ;        ;
; SW[6]      ; HEX0[3]     ;        ; 12.463 ; 12.463 ;        ;
; SW[6]      ; HEX0[4]     ; 12.428 ; 12.428 ; 12.428 ; 12.428 ;
; SW[6]      ; HEX0[5]     ;        ; 12.442 ; 12.442 ;        ;
; SW[7]      ; HEX0[0]     ;        ; 12.220 ; 12.220 ;        ;
; SW[7]      ; HEX0[1]     ; 12.171 ; 12.171 ; 12.171 ; 12.171 ;
; SW[7]      ; HEX0[2]     ; 11.945 ; 11.945 ; 11.945 ; 11.945 ;
; SW[7]      ; HEX0[3]     ;        ; 11.962 ; 11.962 ;        ;
; SW[7]      ; HEX0[4]     ;        ; 11.948 ; 11.948 ;        ;
; SW[7]      ; HEX0[5]     ;        ; 11.941 ; 11.941 ;        ;
; SW[8]      ; HEX0[0]     ;        ; 11.513 ; 11.513 ;        ;
; SW[8]      ; HEX0[1]     ; 11.464 ; 11.464 ; 11.464 ; 11.464 ;
; SW[8]      ; HEX0[2]     ; 11.830 ; 11.830 ; 11.830 ; 11.830 ;
; SW[8]      ; HEX0[3]     ;        ; 11.255 ; 11.255 ;        ;
; SW[8]      ; HEX0[4]     ;        ; 11.245 ; 11.245 ;        ;
; SW[8]      ; HEX0[5]     ;        ; 11.234 ; 11.234 ;        ;
; SW[8]      ; HEX0[6]     ;        ; 10.807 ; 10.807 ;        ;
; SW[9]      ; HEX0[0]     ;        ; 11.833 ; 11.833 ;        ;
; SW[9]      ; HEX0[1]     ;        ; 11.754 ; 11.754 ;        ;
; SW[9]      ; HEX0[3]     ;        ; 11.575 ; 11.575 ;        ;
; SW[9]      ; HEX0[4]     ; 11.540 ; 11.540 ; 11.540 ; 11.540 ;
; SW[9]      ; HEX0[5]     ;        ; 11.554 ; 11.554 ;        ;
; SW[10]     ; HEX0[0]     ;        ; 11.394 ; 11.394 ;        ;
; SW[10]     ; HEX0[1]     ; 11.345 ; 11.345 ; 11.345 ; 11.345 ;
; SW[10]     ; HEX0[2]     ; 11.119 ; 11.119 ; 11.119 ; 11.119 ;
; SW[10]     ; HEX0[3]     ;        ; 11.136 ; 11.136 ;        ;
; SW[10]     ; HEX0[4]     ;        ; 11.122 ; 11.122 ;        ;
; SW[10]     ; HEX0[5]     ;        ; 11.115 ; 11.115 ;        ;
; SW[11]     ; HEX0[0]     ;        ; 11.270 ; 11.270 ;        ;
; SW[11]     ; HEX0[1]     ; 11.221 ; 11.221 ; 11.221 ; 11.221 ;
; SW[11]     ; HEX0[2]     ; 11.587 ; 11.587 ; 11.587 ; 11.587 ;
; SW[11]     ; HEX0[3]     ;        ; 11.012 ; 11.012 ;        ;
; SW[11]     ; HEX0[4]     ;        ; 11.002 ; 11.002 ;        ;
; SW[11]     ; HEX0[5]     ;        ; 10.991 ; 10.991 ;        ;
; SW[11]     ; HEX0[6]     ;        ; 10.564 ; 10.564 ;        ;
; SW[12]     ; HEX0[0]     ; 12.418 ; 12.418 ; 12.418 ; 12.418 ;
; SW[12]     ; HEX0[1]     ; 12.339 ; 12.339 ; 12.339 ; 12.339 ;
; SW[12]     ; HEX0[3]     ; 12.160 ; 12.160 ; 12.160 ; 12.160 ;
; SW[12]     ; HEX0[4]     ; 12.125 ; 12.125 ; 12.125 ; 12.125 ;
; SW[12]     ; HEX0[5]     ; 12.139 ; 12.139 ; 12.139 ; 12.139 ;
; SW[13]     ; HEX0[0]     ; 12.080 ; 12.080 ; 12.080 ; 12.080 ;
; SW[13]     ; HEX0[1]     ; 12.031 ; 12.031 ; 12.031 ; 12.031 ;
; SW[13]     ; HEX0[2]     ; 11.805 ; 11.805 ; 11.805 ; 11.805 ;
; SW[13]     ; HEX0[3]     ; 11.822 ; 11.822 ; 11.822 ; 11.822 ;
; SW[13]     ; HEX0[4]     ; 11.808 ; 11.808 ; 11.808 ; 11.808 ;
; SW[13]     ; HEX0[5]     ; 11.801 ; 11.801 ; 11.801 ; 11.801 ;
; SW[14]     ; HEX0[0]     ; 11.945 ; 11.945 ; 11.945 ; 11.945 ;
; SW[14]     ; HEX0[1]     ; 11.896 ; 11.896 ; 11.896 ; 11.896 ;
; SW[14]     ; HEX0[2]     ; 12.262 ; 12.262 ; 12.262 ; 12.262 ;
; SW[14]     ; HEX0[3]     ; 11.687 ; 11.687 ; 11.687 ; 11.687 ;
; SW[14]     ; HEX0[4]     ; 11.677 ; 11.677 ; 11.677 ; 11.677 ;
; SW[14]     ; HEX0[5]     ; 11.666 ; 11.666 ; 11.666 ; 11.666 ;
; SW[14]     ; HEX0[6]     ; 11.239 ; 11.239 ; 11.239 ; 11.239 ;
; SW[15]     ; HEX0[0]     ; 12.639 ; 12.639 ; 12.639 ; 12.639 ;
; SW[15]     ; HEX0[1]     ; 12.560 ; 12.560 ; 12.560 ; 12.560 ;
; SW[15]     ; HEX0[3]     ; 12.381 ; 12.381 ; 12.381 ; 12.381 ;
; SW[15]     ; HEX0[4]     ; 12.346 ; 12.346 ; 12.346 ; 12.346 ;
; SW[15]     ; HEX0[5]     ; 12.360 ; 12.360 ; 12.360 ; 12.360 ;
; SW[16]     ; HEX0[0]     ; 12.358 ; 12.358 ; 12.358 ; 12.358 ;
; SW[16]     ; HEX0[1]     ; 12.309 ; 12.309 ; 12.309 ; 12.309 ;
; SW[16]     ; HEX0[2]     ; 12.083 ; 12.083 ; 12.083 ; 12.083 ;
; SW[16]     ; HEX0[3]     ; 12.100 ; 12.100 ; 12.100 ; 12.100 ;
; SW[16]     ; HEX0[4]     ; 12.086 ; 12.086 ; 12.086 ; 12.086 ;
; SW[16]     ; HEX0[5]     ; 12.079 ; 12.079 ; 12.079 ; 12.079 ;
; SW[17]     ; HEX0[0]     ; 11.919 ; 11.919 ; 11.919 ; 11.919 ;
; SW[17]     ; HEX0[1]     ; 11.870 ; 11.870 ; 11.870 ; 11.870 ;
; SW[17]     ; HEX0[2]     ; 12.236 ; 12.236 ; 12.236 ; 12.236 ;
; SW[17]     ; HEX0[3]     ; 11.661 ; 11.661 ; 11.661 ; 11.661 ;
; SW[17]     ; HEX0[4]     ; 11.651 ; 11.651 ; 11.651 ; 11.651 ;
; SW[17]     ; HEX0[5]     ; 11.640 ; 11.640 ; 11.640 ; 11.640 ;
; SW[17]     ; HEX0[6]     ; 11.213 ; 11.213 ; 11.213 ; 11.213 ;
+------------+-------------+--------+--------+--------+--------+


+--------------------------------------------------------------+
; Minimum Propagation Delay                                    ;
+------------+-------------+--------+--------+--------+--------+
; Input Port ; Output Port ; RR     ; RF     ; FR     ; FF     ;
+------------+-------------+--------+--------+--------+--------+
; KEY[0]     ; HEX0[0]     ; 12.223 ; 12.947 ; 12.947 ; 12.223 ;
; KEY[0]     ; HEX0[1]     ; 12.174 ; 12.174 ; 12.174 ; 12.174 ;
; KEY[0]     ; HEX0[2]     ; 11.839 ; 11.839 ; 11.839 ; 11.839 ;
; KEY[0]     ; HEX0[3]     ; 11.965 ; 12.689 ; 12.689 ; 11.965 ;
; KEY[0]     ; HEX0[4]     ; 11.955 ; 12.231 ; 12.231 ; 11.955 ;
; KEY[0]     ; HEX0[5]     ; 11.944 ; 12.668 ; 12.668 ; 11.944 ;
; KEY[0]     ; HEX0[6]     ; 11.517 ; 12.241 ; 12.241 ; 11.517 ;
; KEY[1]     ; HEX0[0]     ; 12.487 ; 12.487 ; 12.487 ; 12.487 ;
; KEY[1]     ; HEX0[1]     ; 12.438 ; 12.438 ; 12.438 ; 12.438 ;
; KEY[1]     ; HEX0[2]     ; 12.303 ; 12.303 ; 12.303 ; 12.303 ;
; KEY[1]     ; HEX0[3]     ; 12.229 ; 12.229 ; 12.229 ; 12.229 ;
; KEY[1]     ; HEX0[4]     ; 12.219 ; 12.219 ; 12.219 ; 12.219 ;
; KEY[1]     ; HEX0[5]     ; 12.208 ; 12.208 ; 12.208 ; 12.208 ;
; KEY[1]     ; HEX0[6]     ; 11.781 ; 11.781 ; 11.781 ; 11.781 ;
; KEY[2]     ; HEX0[0]     ; 12.534 ; 12.534 ; 12.534 ; 12.534 ;
; KEY[2]     ; HEX0[1]     ; 12.485 ; 12.485 ; 12.485 ; 12.485 ;
; KEY[2]     ; HEX0[2]     ; 12.775 ; 12.775 ; 12.775 ; 12.775 ;
; KEY[2]     ; HEX0[3]     ; 12.276 ; 12.276 ; 12.276 ; 12.276 ;
; KEY[2]     ; HEX0[4]     ; 12.266 ; 12.266 ; 12.266 ; 12.266 ;
; KEY[2]     ; HEX0[5]     ; 12.255 ; 12.255 ; 12.255 ; 12.255 ;
; KEY[2]     ; HEX0[6]     ; 11.828 ; 11.828 ; 11.828 ; 11.828 ;
; SW[0]      ; HEX0[0]     ;        ; 12.663 ; 12.663 ;        ;
; SW[0]      ; HEX0[1]     ;        ; 12.584 ; 12.584 ;        ;
; SW[0]      ; HEX0[3]     ;        ; 12.405 ; 12.405 ;        ;
; SW[0]      ; HEX0[4]     ; 12.370 ; 12.370 ; 12.370 ; 12.370 ;
; SW[0]      ; HEX0[5]     ;        ; 12.384 ; 12.384 ;        ;
; SW[1]      ; HEX0[0]     ;        ; 12.539 ; 12.539 ;        ;
; SW[1]      ; HEX0[1]     ; 12.490 ; 12.490 ; 12.490 ; 12.490 ;
; SW[1]      ; HEX0[2]     ; 12.069 ; 12.069 ; 12.069 ; 12.069 ;
; SW[1]      ; HEX0[3]     ;        ; 12.281 ; 12.281 ;        ;
; SW[1]      ; HEX0[4]     ;        ; 12.267 ; 12.267 ;        ;
; SW[1]      ; HEX0[5]     ;        ; 12.260 ; 12.260 ;        ;
; SW[2]      ; HEX0[0]     ;        ; 12.645 ; 12.645 ;        ;
; SW[2]      ; HEX0[1]     ; 12.596 ; 12.596 ; 12.596 ; 12.596 ;
; SW[2]      ; HEX0[2]     ; 12.962 ; 12.962 ; 12.962 ; 12.962 ;
; SW[2]      ; HEX0[3]     ;        ; 12.387 ; 12.387 ;        ;
; SW[2]      ; HEX0[4]     ;        ; 12.377 ; 12.377 ;        ;
; SW[2]      ; HEX0[5]     ;        ; 12.366 ; 12.366 ;        ;
; SW[2]      ; HEX0[6]     ;        ; 11.939 ; 11.939 ;        ;
; SW[3]      ; HEX0[0]     ;        ; 12.447 ; 12.447 ;        ;
; SW[3]      ; HEX0[1]     ;        ; 12.368 ; 12.368 ;        ;
; SW[3]      ; HEX0[3]     ;        ; 12.189 ; 12.189 ;        ;
; SW[3]      ; HEX0[4]     ; 12.154 ; 12.154 ; 12.154 ; 12.154 ;
; SW[3]      ; HEX0[5]     ;        ; 12.168 ; 12.168 ;        ;
; SW[4]      ; HEX0[0]     ;        ; 12.197 ; 12.197 ;        ;
; SW[4]      ; HEX0[1]     ; 12.148 ; 12.148 ; 12.148 ; 12.148 ;
; SW[4]      ; HEX0[2]     ; 11.727 ; 11.727 ; 11.727 ; 11.727 ;
; SW[4]      ; HEX0[3]     ;        ; 11.939 ; 11.939 ;        ;
; SW[4]      ; HEX0[4]     ;        ; 11.925 ; 11.925 ;        ;
; SW[4]      ; HEX0[5]     ;        ; 11.918 ; 11.918 ;        ;
; SW[5]      ; HEX0[0]     ;        ; 12.143 ; 12.143 ;        ;
; SW[5]      ; HEX0[1]     ; 12.094 ; 12.094 ; 12.094 ; 12.094 ;
; SW[5]      ; HEX0[2]     ; 12.460 ; 12.460 ; 12.460 ; 12.460 ;
; SW[5]      ; HEX0[3]     ;        ; 11.885 ; 11.885 ;        ;
; SW[5]      ; HEX0[4]     ;        ; 11.875 ; 11.875 ;        ;
; SW[5]      ; HEX0[5]     ;        ; 11.864 ; 11.864 ;        ;
; SW[5]      ; HEX0[6]     ;        ; 11.437 ; 11.437 ;        ;
; SW[6]      ; HEX0[0]     ;        ; 12.721 ; 12.721 ;        ;
; SW[6]      ; HEX0[1]     ;        ; 12.642 ; 12.642 ;        ;
; SW[6]      ; HEX0[3]     ;        ; 12.463 ; 12.463 ;        ;
; SW[6]      ; HEX0[4]     ; 12.428 ; 12.428 ; 12.428 ; 12.428 ;
; SW[6]      ; HEX0[5]     ;        ; 12.442 ; 12.442 ;        ;
; SW[7]      ; HEX0[0]     ;        ; 12.220 ; 12.220 ;        ;
; SW[7]      ; HEX0[1]     ; 12.171 ; 12.171 ; 12.171 ; 12.171 ;
; SW[7]      ; HEX0[2]     ; 11.945 ; 11.945 ; 11.945 ; 11.945 ;
; SW[7]      ; HEX0[3]     ;        ; 11.962 ; 11.962 ;        ;
; SW[7]      ; HEX0[4]     ;        ; 11.948 ; 11.948 ;        ;
; SW[7]      ; HEX0[5]     ;        ; 11.941 ; 11.941 ;        ;
; SW[8]      ; HEX0[0]     ;        ; 11.513 ; 11.513 ;        ;
; SW[8]      ; HEX0[1]     ; 11.464 ; 11.464 ; 11.464 ; 11.464 ;
; SW[8]      ; HEX0[2]     ; 11.830 ; 11.830 ; 11.830 ; 11.830 ;
; SW[8]      ; HEX0[3]     ;        ; 11.255 ; 11.255 ;        ;
; SW[8]      ; HEX0[4]     ;        ; 11.245 ; 11.245 ;        ;
; SW[8]      ; HEX0[5]     ;        ; 11.234 ; 11.234 ;        ;
; SW[8]      ; HEX0[6]     ;        ; 10.807 ; 10.807 ;        ;
; SW[9]      ; HEX0[0]     ;        ; 11.833 ; 11.833 ;        ;
; SW[9]      ; HEX0[1]     ;        ; 11.754 ; 11.754 ;        ;
; SW[9]      ; HEX0[3]     ;        ; 11.575 ; 11.575 ;        ;
; SW[9]      ; HEX0[4]     ; 11.540 ; 11.540 ; 11.540 ; 11.540 ;
; SW[9]      ; HEX0[5]     ;        ; 11.554 ; 11.554 ;        ;
; SW[10]     ; HEX0[0]     ;        ; 11.394 ; 11.394 ;        ;
; SW[10]     ; HEX0[1]     ; 11.345 ; 11.345 ; 11.345 ; 11.345 ;
; SW[10]     ; HEX0[2]     ; 11.119 ; 11.119 ; 11.119 ; 11.119 ;
; SW[10]     ; HEX0[3]     ;        ; 11.136 ; 11.136 ;        ;
; SW[10]     ; HEX0[4]     ;        ; 11.122 ; 11.122 ;        ;
; SW[10]     ; HEX0[5]     ;        ; 11.115 ; 11.115 ;        ;
; SW[11]     ; HEX0[0]     ;        ; 11.270 ; 11.270 ;        ;
; SW[11]     ; HEX0[1]     ; 11.221 ; 11.221 ; 11.221 ; 11.221 ;
; SW[11]     ; HEX0[2]     ; 11.587 ; 11.587 ; 11.587 ; 11.587 ;
; SW[11]     ; HEX0[3]     ;        ; 11.012 ; 11.012 ;        ;
; SW[11]     ; HEX0[4]     ;        ; 11.002 ; 11.002 ;        ;
; SW[11]     ; HEX0[5]     ;        ; 10.991 ; 10.991 ;        ;
; SW[11]     ; HEX0[6]     ;        ; 10.564 ; 10.564 ;        ;
; SW[12]     ; HEX0[0]     ; 12.418 ; 12.418 ; 12.418 ; 12.418 ;
; SW[12]     ; HEX0[1]     ; 12.339 ; 12.339 ; 12.339 ; 12.339 ;
; SW[12]     ; HEX0[3]     ; 12.160 ; 12.160 ; 12.160 ; 12.160 ;
; SW[12]     ; HEX0[4]     ; 12.125 ; 12.125 ; 12.125 ; 12.125 ;
; SW[12]     ; HEX0[5]     ; 12.139 ; 12.139 ; 12.139 ; 12.139 ;
; SW[13]     ; HEX0[0]     ; 12.080 ; 12.080 ; 12.080 ; 12.080 ;
; SW[13]     ; HEX0[1]     ; 12.031 ; 12.031 ; 12.031 ; 12.031 ;
; SW[13]     ; HEX0[2]     ; 11.805 ; 11.805 ; 11.805 ; 11.805 ;
; SW[13]     ; HEX0[3]     ; 11.822 ; 11.822 ; 11.822 ; 11.822 ;
; SW[13]     ; HEX0[4]     ; 11.808 ; 11.808 ; 11.808 ; 11.808 ;
; SW[13]     ; HEX0[5]     ; 11.801 ; 11.801 ; 11.801 ; 11.801 ;
; SW[14]     ; HEX0[0]     ; 11.945 ; 11.945 ; 11.945 ; 11.945 ;
; SW[14]     ; HEX0[1]     ; 11.896 ; 11.896 ; 11.896 ; 11.896 ;
; SW[14]     ; HEX0[2]     ; 12.262 ; 12.262 ; 12.262 ; 12.262 ;
; SW[14]     ; HEX0[3]     ; 11.687 ; 11.687 ; 11.687 ; 11.687 ;
; SW[14]     ; HEX0[4]     ; 11.677 ; 11.677 ; 11.677 ; 11.677 ;
; SW[14]     ; HEX0[5]     ; 11.666 ; 11.666 ; 11.666 ; 11.666 ;
; SW[14]     ; HEX0[6]     ; 11.239 ; 11.239 ; 11.239 ; 11.239 ;
; SW[15]     ; HEX0[0]     ; 12.639 ; 12.639 ; 12.639 ; 12.639 ;
; SW[15]     ; HEX0[1]     ; 12.560 ; 12.560 ; 12.560 ; 12.560 ;
; SW[15]     ; HEX0[3]     ; 12.381 ; 12.381 ; 12.381 ; 12.381 ;
; SW[15]     ; HEX0[4]     ; 12.346 ; 12.346 ; 12.346 ; 12.346 ;
; SW[15]     ; HEX0[5]     ; 12.360 ; 12.360 ; 12.360 ; 12.360 ;
; SW[16]     ; HEX0[0]     ; 12.358 ; 12.358 ; 12.358 ; 12.358 ;
; SW[16]     ; HEX0[1]     ; 12.309 ; 12.309 ; 12.309 ; 12.309 ;
; SW[16]     ; HEX0[2]     ; 12.083 ; 12.083 ; 12.083 ; 12.083 ;
; SW[16]     ; HEX0[3]     ; 12.100 ; 12.100 ; 12.100 ; 12.100 ;
; SW[16]     ; HEX0[4]     ; 12.086 ; 12.086 ; 12.086 ; 12.086 ;
; SW[16]     ; HEX0[5]     ; 12.079 ; 12.079 ; 12.079 ; 12.079 ;
; SW[17]     ; HEX0[0]     ; 11.919 ; 11.919 ; 11.919 ; 11.919 ;
; SW[17]     ; HEX0[1]     ; 11.870 ; 11.870 ; 11.870 ; 11.870 ;
; SW[17]     ; HEX0[2]     ; 12.236 ; 12.236 ; 12.236 ; 12.236 ;
; SW[17]     ; HEX0[3]     ; 11.661 ; 11.661 ; 11.661 ; 11.661 ;
; SW[17]     ; HEX0[4]     ; 11.651 ; 11.651 ; 11.651 ; 11.651 ;
; SW[17]     ; HEX0[5]     ; 11.640 ; 11.640 ; 11.640 ; 11.640 ;
; SW[17]     ; HEX0[6]     ; 11.213 ; 11.213 ; 11.213 ; 11.213 ;
+------------+-------------+--------+--------+--------+--------+


----------------------------
; Fast Model Setup Summary ;
----------------------------
No paths to report.


---------------------------
; Fast Model Hold Summary ;
---------------------------
No paths to report.


-------------------------------
; Fast Model Recovery Summary ;
-------------------------------
No paths to report.


------------------------------
; Fast Model Removal Summary ;
------------------------------
No paths to report.


------------------------------------------
; Fast Model Minimum Pulse Width Summary ;
------------------------------------------
No paths to report.


+----------------------------------------------------------+
; Propagation Delay                                        ;
+------------+-------------+-------+-------+-------+-------+
; Input Port ; Output Port ; RR    ; RF    ; FR    ; FF    ;
+------------+-------------+-------+-------+-------+-------+
; KEY[0]     ; HEX0[0]     ; 6.880 ; 7.895 ; 7.895 ; 6.880 ;
; KEY[0]     ; HEX0[1]     ; 7.853 ; 7.853 ; 7.853 ; 7.853 ;
; KEY[0]     ; HEX0[2]     ; 7.686 ; 7.686 ; 7.686 ; 7.686 ;
; KEY[0]     ; HEX0[3]     ; 6.758 ; 7.773 ; 7.773 ; 6.758 ;
; KEY[0]     ; HEX0[4]     ; 7.047 ; 7.767 ; 7.767 ; 7.047 ;
; KEY[0]     ; HEX0[5]     ; 6.740 ; 7.755 ; 7.755 ; 6.740 ;
; KEY[0]     ; HEX0[6]     ; 6.430 ; 6.745 ; 6.745 ; 6.430 ;
; KEY[1]     ; HEX0[0]     ; 7.251 ; 7.251 ; 7.251 ; 7.251 ;
; KEY[1]     ; HEX0[1]     ; 7.210 ; 7.210 ; 7.210 ; 7.210 ;
; KEY[1]     ; HEX0[2]     ; 7.080 ; 7.080 ; 7.080 ; 7.080 ;
; KEY[1]     ; HEX0[3]     ; 7.129 ; 7.129 ; 7.129 ; 7.129 ;
; KEY[1]     ; HEX0[4]     ; 7.123 ; 7.123 ; 7.123 ; 7.123 ;
; KEY[1]     ; HEX0[5]     ; 7.111 ; 7.111 ; 7.111 ; 7.111 ;
; KEY[1]     ; HEX0[6]     ; 6.619 ; 6.619 ; 6.619 ; 6.619 ;
; KEY[2]     ; HEX0[0]     ; 7.155 ; 7.155 ; 7.155 ; 7.155 ;
; KEY[2]     ; HEX0[1]     ; 7.113 ; 7.113 ; 7.113 ; 7.113 ;
; KEY[2]     ; HEX0[2]     ; 6.986 ; 6.986 ; 6.986 ; 6.986 ;
; KEY[2]     ; HEX0[3]     ; 7.033 ; 7.033 ; 7.033 ; 7.033 ;
; KEY[2]     ; HEX0[4]     ; 7.027 ; 7.027 ; 7.027 ; 7.027 ;
; KEY[2]     ; HEX0[5]     ; 7.015 ; 7.015 ; 7.015 ; 7.015 ;
; KEY[2]     ; HEX0[6]     ; 6.525 ; 6.525 ; 6.525 ; 6.525 ;
; SW[0]      ; HEX0[0]     ;       ; 6.781 ; 6.781 ;       ;
; SW[0]      ; HEX0[1]     ;       ; 6.740 ; 6.740 ;       ;
; SW[0]      ; HEX0[3]     ;       ; 6.659 ; 6.659 ;       ;
; SW[0]      ; HEX0[4]     ; 6.653 ; 6.653 ; 6.653 ; 6.653 ;
; SW[0]      ; HEX0[5]     ;       ; 6.641 ; 6.641 ;       ;
; SW[1]      ; HEX0[0]     ;       ; 6.718 ; 6.718 ;       ;
; SW[1]      ; HEX0[1]     ; 6.676 ; 6.676 ; 6.676 ; 6.676 ;
; SW[1]      ; HEX0[2]     ; 6.509 ; 6.509 ; 6.509 ; 6.509 ;
; SW[1]      ; HEX0[3]     ;       ; 6.596 ; 6.596 ;       ;
; SW[1]      ; HEX0[4]     ;       ; 6.590 ; 6.590 ;       ;
; SW[1]      ; HEX0[5]     ;       ; 6.578 ; 6.578 ;       ;
; SW[2]      ; HEX0[0]     ;       ; 6.824 ; 6.824 ;       ;
; SW[2]      ; HEX0[1]     ; 6.762 ; 6.762 ; 6.762 ; 6.762 ;
; SW[2]      ; HEX0[2]     ; 6.942 ; 6.942 ; 6.942 ; 6.942 ;
; SW[2]      ; HEX0[3]     ;       ; 6.702 ; 6.702 ;       ;
; SW[2]      ; HEX0[4]     ;       ; 6.676 ; 6.676 ;       ;
; SW[2]      ; HEX0[5]     ;       ; 6.664 ; 6.664 ;       ;
; SW[2]      ; HEX0[6]     ;       ; 6.481 ; 6.481 ;       ;
; SW[3]      ; HEX0[0]     ;       ; 6.658 ; 6.658 ;       ;
; SW[3]      ; HEX0[1]     ;       ; 6.617 ; 6.617 ;       ;
; SW[3]      ; HEX0[3]     ;       ; 6.536 ; 6.536 ;       ;
; SW[3]      ; HEX0[4]     ; 6.530 ; 6.530 ; 6.530 ; 6.530 ;
; SW[3]      ; HEX0[5]     ;       ; 6.518 ; 6.518 ;       ;
; SW[4]      ; HEX0[0]     ;       ; 6.543 ; 6.543 ;       ;
; SW[4]      ; HEX0[1]     ; 6.501 ; 6.501 ; 6.501 ; 6.501 ;
; SW[4]      ; HEX0[2]     ; 6.334 ; 6.334 ; 6.334 ; 6.334 ;
; SW[4]      ; HEX0[3]     ;       ; 6.421 ; 6.421 ;       ;
; SW[4]      ; HEX0[4]     ;       ; 6.415 ; 6.415 ;       ;
; SW[4]      ; HEX0[5]     ;       ; 6.403 ; 6.403 ;       ;
; SW[5]      ; HEX0[0]     ;       ; 6.555 ; 6.555 ;       ;
; SW[5]      ; HEX0[1]     ; 6.493 ; 6.493 ; 6.493 ; 6.493 ;
; SW[5]      ; HEX0[2]     ; 6.673 ; 6.673 ; 6.673 ; 6.673 ;
; SW[5]      ; HEX0[3]     ;       ; 6.433 ; 6.433 ;       ;
; SW[5]      ; HEX0[4]     ;       ; 6.407 ; 6.407 ;       ;
; SW[5]      ; HEX0[5]     ;       ; 6.395 ; 6.395 ;       ;
; SW[5]      ; HEX0[6]     ;       ; 6.212 ; 6.212 ;       ;
; SW[6]      ; HEX0[0]     ;       ; 6.813 ; 6.813 ;       ;
; SW[6]      ; HEX0[1]     ;       ; 6.772 ; 6.772 ;       ;
; SW[6]      ; HEX0[3]     ;       ; 6.691 ; 6.691 ;       ;
; SW[6]      ; HEX0[4]     ; 6.685 ; 6.685 ; 6.685 ; 6.685 ;
; SW[6]      ; HEX0[5]     ;       ; 6.673 ; 6.673 ;       ;
; SW[7]      ; HEX0[0]     ;       ; 6.574 ; 6.574 ;       ;
; SW[7]      ; HEX0[1]     ; 6.532 ; 6.532 ; 6.532 ; 6.532 ;
; SW[7]      ; HEX0[2]     ; 6.463 ; 6.463 ; 6.463 ; 6.463 ;
; SW[7]      ; HEX0[3]     ;       ; 6.452 ; 6.452 ;       ;
; SW[7]      ; HEX0[4]     ;       ; 6.446 ; 6.446 ;       ;
; SW[7]      ; HEX0[5]     ;       ; 6.434 ; 6.434 ;       ;
; SW[8]      ; HEX0[0]     ;       ; 6.195 ; 6.195 ;       ;
; SW[8]      ; HEX0[1]     ; 6.133 ; 6.133 ; 6.133 ; 6.133 ;
; SW[8]      ; HEX0[2]     ; 6.313 ; 6.313 ; 6.313 ; 6.313 ;
; SW[8]      ; HEX0[3]     ;       ; 6.073 ; 6.073 ;       ;
; SW[8]      ; HEX0[4]     ;       ; 6.047 ; 6.047 ;       ;
; SW[8]      ; HEX0[5]     ;       ; 6.035 ; 6.035 ;       ;
; SW[8]      ; HEX0[6]     ;       ; 5.852 ; 5.852 ;       ;
; SW[9]      ; HEX0[0]     ;       ; 6.318 ; 6.318 ;       ;
; SW[9]      ; HEX0[1]     ;       ; 6.277 ; 6.277 ;       ;
; SW[9]      ; HEX0[3]     ;       ; 6.196 ; 6.196 ;       ;
; SW[9]      ; HEX0[4]     ; 6.190 ; 6.190 ; 6.190 ; 6.190 ;
; SW[9]      ; HEX0[5]     ;       ; 6.178 ; 6.178 ;       ;
; SW[10]     ; HEX0[0]     ;       ; 6.124 ; 6.124 ;       ;
; SW[10]     ; HEX0[1]     ; 6.082 ; 6.082 ; 6.082 ; 6.082 ;
; SW[10]     ; HEX0[2]     ; 6.013 ; 6.013 ; 6.013 ; 6.013 ;
; SW[10]     ; HEX0[3]     ;       ; 6.002 ; 6.002 ;       ;
; SW[10]     ; HEX0[4]     ;       ; 5.996 ; 5.996 ;       ;
; SW[10]     ; HEX0[5]     ;       ; 5.984 ; 5.984 ;       ;
; SW[11]     ; HEX0[0]     ;       ; 6.095 ; 6.095 ;       ;
; SW[11]     ; HEX0[1]     ; 6.033 ; 6.033 ; 6.033 ; 6.033 ;
; SW[11]     ; HEX0[2]     ; 6.213 ; 6.213 ; 6.213 ; 6.213 ;
; SW[11]     ; HEX0[3]     ;       ; 5.973 ; 5.973 ;       ;
; SW[11]     ; HEX0[4]     ;       ; 5.947 ; 5.947 ;       ;
; SW[11]     ; HEX0[5]     ;       ; 5.935 ; 5.935 ;       ;
; SW[11]     ; HEX0[6]     ;       ; 5.752 ; 5.752 ;       ;
; SW[12]     ; HEX0[0]     ; 6.568 ; 6.568 ; 6.568 ; 6.568 ;
; SW[12]     ; HEX0[1]     ; 6.527 ; 6.527 ; 6.527 ; 6.527 ;
; SW[12]     ; HEX0[3]     ; 6.446 ; 6.446 ; 6.446 ; 6.446 ;
; SW[12]     ; HEX0[4]     ; 6.440 ; 6.440 ; 6.440 ; 6.440 ;
; SW[12]     ; HEX0[5]     ; 6.428 ; 6.428 ; 6.428 ; 6.428 ;
; SW[13]     ; HEX0[0]     ; 6.410 ; 6.410 ; 6.410 ; 6.410 ;
; SW[13]     ; HEX0[1]     ; 6.368 ; 6.368 ; 6.368 ; 6.368 ;
; SW[13]     ; HEX0[2]     ; 6.299 ; 6.299 ; 6.299 ; 6.299 ;
; SW[13]     ; HEX0[3]     ; 6.288 ; 6.288 ; 6.288 ; 6.288 ;
; SW[13]     ; HEX0[4]     ; 6.282 ; 6.282 ; 6.282 ; 6.282 ;
; SW[13]     ; HEX0[5]     ; 6.270 ; 6.270 ; 6.270 ; 6.270 ;
; SW[14]     ; HEX0[0]     ; 6.394 ; 6.394 ; 6.394 ; 6.394 ;
; SW[14]     ; HEX0[1]     ; 6.332 ; 6.332 ; 6.332 ; 6.332 ;
; SW[14]     ; HEX0[2]     ; 6.512 ; 6.512 ; 6.512 ; 6.512 ;
; SW[14]     ; HEX0[3]     ; 6.272 ; 6.272 ; 6.272 ; 6.272 ;
; SW[14]     ; HEX0[4]     ; 6.246 ; 6.246 ; 6.246 ; 6.246 ;
; SW[14]     ; HEX0[5]     ; 6.234 ; 6.234 ; 6.234 ; 6.234 ;
; SW[14]     ; HEX0[6]     ; 6.051 ; 6.051 ; 6.051 ; 6.051 ;
; SW[15]     ; HEX0[0]     ; 6.681 ; 6.681 ; 6.681 ; 6.681 ;
; SW[15]     ; HEX0[1]     ; 6.640 ; 6.640 ; 6.640 ; 6.640 ;
; SW[15]     ; HEX0[3]     ; 6.559 ; 6.559 ; 6.559 ; 6.559 ;
; SW[15]     ; HEX0[4]     ; 6.553 ; 6.553 ; 6.553 ; 6.553 ;
; SW[15]     ; HEX0[5]     ; 6.541 ; 6.541 ; 6.541 ; 6.541 ;
; SW[16]     ; HEX0[0]     ; 6.536 ; 6.536 ; 6.536 ; 6.536 ;
; SW[16]     ; HEX0[1]     ; 6.494 ; 6.494 ; 6.494 ; 6.494 ;
; SW[16]     ; HEX0[2]     ; 6.425 ; 6.425 ; 6.425 ; 6.425 ;
; SW[16]     ; HEX0[3]     ; 6.414 ; 6.414 ; 6.414 ; 6.414 ;
; SW[16]     ; HEX0[4]     ; 6.408 ; 6.408 ; 6.408 ; 6.408 ;
; SW[16]     ; HEX0[5]     ; 6.396 ; 6.396 ; 6.396 ; 6.396 ;
; SW[17]     ; HEX0[0]     ; 6.388 ; 6.388 ; 6.388 ; 6.388 ;
; SW[17]     ; HEX0[1]     ; 6.326 ; 6.326 ; 6.326 ; 6.326 ;
; SW[17]     ; HEX0[2]     ; 6.506 ; 6.506 ; 6.506 ; 6.506 ;
; SW[17]     ; HEX0[3]     ; 6.266 ; 6.266 ; 6.266 ; 6.266 ;
; SW[17]     ; HEX0[4]     ; 6.240 ; 6.240 ; 6.240 ; 6.240 ;
; SW[17]     ; HEX0[5]     ; 6.228 ; 6.228 ; 6.228 ; 6.228 ;
; SW[17]     ; HEX0[6]     ; 6.045 ; 6.045 ; 6.045 ; 6.045 ;
+------------+-------------+-------+-------+-------+-------+


+----------------------------------------------------------+
; Minimum Propagation Delay                                ;
+------------+-------------+-------+-------+-------+-------+
; Input Port ; Output Port ; RR    ; RF    ; FR    ; FF    ;
+------------+-------------+-------+-------+-------+-------+
; KEY[0]     ; HEX0[0]     ; 6.773 ; 7.088 ; 7.088 ; 6.773 ;
; KEY[0]     ; HEX0[1]     ; 6.711 ; 6.711 ; 6.711 ; 6.711 ;
; KEY[0]     ; HEX0[2]     ; 6.590 ; 6.590 ; 6.590 ; 6.590 ;
; KEY[0]     ; HEX0[3]     ; 6.651 ; 6.966 ; 6.966 ; 6.651 ;
; KEY[0]     ; HEX0[4]     ; 6.625 ; 6.752 ; 6.752 ; 6.625 ;
; KEY[0]     ; HEX0[5]     ; 6.613 ; 6.928 ; 6.928 ; 6.613 ;
; KEY[0]     ; HEX0[6]     ; 6.430 ; 6.745 ; 6.745 ; 6.430 ;
; KEY[1]     ; HEX0[0]     ; 6.808 ; 6.808 ; 6.808 ; 6.808 ;
; KEY[1]     ; HEX0[1]     ; 6.746 ; 6.746 ; 6.746 ; 6.746 ;
; KEY[1]     ; HEX0[2]     ; 6.698 ; 6.698 ; 6.698 ; 6.698 ;
; KEY[1]     ; HEX0[3]     ; 6.686 ; 6.686 ; 6.686 ; 6.686 ;
; KEY[1]     ; HEX0[4]     ; 6.660 ; 6.660 ; 6.660 ; 6.660 ;
; KEY[1]     ; HEX0[5]     ; 6.648 ; 6.648 ; 6.648 ; 6.648 ;
; KEY[1]     ; HEX0[6]     ; 6.465 ; 6.465 ; 6.465 ; 6.465 ;
; KEY[2]     ; HEX0[0]     ; 6.839 ; 6.839 ; 6.839 ; 6.839 ;
; KEY[2]     ; HEX0[1]     ; 6.777 ; 6.777 ; 6.777 ; 6.777 ;
; KEY[2]     ; HEX0[2]     ; 6.893 ; 6.893 ; 6.893 ; 6.893 ;
; KEY[2]     ; HEX0[3]     ; 6.717 ; 6.717 ; 6.717 ; 6.717 ;
; KEY[2]     ; HEX0[4]     ; 6.691 ; 6.691 ; 6.691 ; 6.691 ;
; KEY[2]     ; HEX0[5]     ; 6.679 ; 6.679 ; 6.679 ; 6.679 ;
; KEY[2]     ; HEX0[6]     ; 6.496 ; 6.496 ; 6.496 ; 6.496 ;
; SW[0]      ; HEX0[0]     ;       ; 6.781 ; 6.781 ;       ;
; SW[0]      ; HEX0[1]     ;       ; 6.740 ; 6.740 ;       ;
; SW[0]      ; HEX0[3]     ;       ; 6.659 ; 6.659 ;       ;
; SW[0]      ; HEX0[4]     ; 6.653 ; 6.653 ; 6.653 ; 6.653 ;
; SW[0]      ; HEX0[5]     ;       ; 6.641 ; 6.641 ;       ;
; SW[1]      ; HEX0[0]     ;       ; 6.718 ; 6.718 ;       ;
; SW[1]      ; HEX0[1]     ; 6.676 ; 6.676 ; 6.676 ; 6.676 ;
; SW[1]      ; HEX0[2]     ; 6.509 ; 6.509 ; 6.509 ; 6.509 ;
; SW[1]      ; HEX0[3]     ;       ; 6.596 ; 6.596 ;       ;
; SW[1]      ; HEX0[4]     ;       ; 6.590 ; 6.590 ;       ;
; SW[1]      ; HEX0[5]     ;       ; 6.578 ; 6.578 ;       ;
; SW[2]      ; HEX0[0]     ;       ; 6.824 ; 6.824 ;       ;
; SW[2]      ; HEX0[1]     ; 6.762 ; 6.762 ; 6.762 ; 6.762 ;
; SW[2]      ; HEX0[2]     ; 6.942 ; 6.942 ; 6.942 ; 6.942 ;
; SW[2]      ; HEX0[3]     ;       ; 6.702 ; 6.702 ;       ;
; SW[2]      ; HEX0[4]     ;       ; 6.676 ; 6.676 ;       ;
; SW[2]      ; HEX0[5]     ;       ; 6.664 ; 6.664 ;       ;
; SW[2]      ; HEX0[6]     ;       ; 6.481 ; 6.481 ;       ;
; SW[3]      ; HEX0[0]     ;       ; 6.658 ; 6.658 ;       ;
; SW[3]      ; HEX0[1]     ;       ; 6.617 ; 6.617 ;       ;
; SW[3]      ; HEX0[3]     ;       ; 6.536 ; 6.536 ;       ;
; SW[3]      ; HEX0[4]     ; 6.530 ; 6.530 ; 6.530 ; 6.530 ;
; SW[3]      ; HEX0[5]     ;       ; 6.518 ; 6.518 ;       ;
; SW[4]      ; HEX0[0]     ;       ; 6.543 ; 6.543 ;       ;
; SW[4]      ; HEX0[1]     ; 6.501 ; 6.501 ; 6.501 ; 6.501 ;
; SW[4]      ; HEX0[2]     ; 6.334 ; 6.334 ; 6.334 ; 6.334 ;
; SW[4]      ; HEX0[3]     ;       ; 6.421 ; 6.421 ;       ;
; SW[4]      ; HEX0[4]     ;       ; 6.415 ; 6.415 ;       ;
; SW[4]      ; HEX0[5]     ;       ; 6.403 ; 6.403 ;       ;
; SW[5]      ; HEX0[0]     ;       ; 6.555 ; 6.555 ;       ;
; SW[5]      ; HEX0[1]     ; 6.493 ; 6.493 ; 6.493 ; 6.493 ;
; SW[5]      ; HEX0[2]     ; 6.673 ; 6.673 ; 6.673 ; 6.673 ;
; SW[5]      ; HEX0[3]     ;       ; 6.433 ; 6.433 ;       ;
; SW[5]      ; HEX0[4]     ;       ; 6.407 ; 6.407 ;       ;
; SW[5]      ; HEX0[5]     ;       ; 6.395 ; 6.395 ;       ;
; SW[5]      ; HEX0[6]     ;       ; 6.212 ; 6.212 ;       ;
; SW[6]      ; HEX0[0]     ;       ; 6.813 ; 6.813 ;       ;
; SW[6]      ; HEX0[1]     ;       ; 6.772 ; 6.772 ;       ;
; SW[6]      ; HEX0[3]     ;       ; 6.691 ; 6.691 ;       ;
; SW[6]      ; HEX0[4]     ; 6.685 ; 6.685 ; 6.685 ; 6.685 ;
; SW[6]      ; HEX0[5]     ;       ; 6.673 ; 6.673 ;       ;
; SW[7]      ; HEX0[0]     ;       ; 6.574 ; 6.574 ;       ;
; SW[7]      ; HEX0[1]     ; 6.532 ; 6.532 ; 6.532 ; 6.532 ;
; SW[7]      ; HEX0[2]     ; 6.463 ; 6.463 ; 6.463 ; 6.463 ;
; SW[7]      ; HEX0[3]     ;       ; 6.452 ; 6.452 ;       ;
; SW[7]      ; HEX0[4]     ;       ; 6.446 ; 6.446 ;       ;
; SW[7]      ; HEX0[5]     ;       ; 6.434 ; 6.434 ;       ;
; SW[8]      ; HEX0[0]     ;       ; 6.195 ; 6.195 ;       ;
; SW[8]      ; HEX0[1]     ; 6.133 ; 6.133 ; 6.133 ; 6.133 ;
; SW[8]      ; HEX0[2]     ; 6.313 ; 6.313 ; 6.313 ; 6.313 ;
; SW[8]      ; HEX0[3]     ;       ; 6.073 ; 6.073 ;       ;
; SW[8]      ; HEX0[4]     ;       ; 6.047 ; 6.047 ;       ;
; SW[8]      ; HEX0[5]     ;       ; 6.035 ; 6.035 ;       ;
; SW[8]      ; HEX0[6]     ;       ; 5.852 ; 5.852 ;       ;
; SW[9]      ; HEX0[0]     ;       ; 6.318 ; 6.318 ;       ;
; SW[9]      ; HEX0[1]     ;       ; 6.277 ; 6.277 ;       ;
; SW[9]      ; HEX0[3]     ;       ; 6.196 ; 6.196 ;       ;
; SW[9]      ; HEX0[4]     ; 6.190 ; 6.190 ; 6.190 ; 6.190 ;
; SW[9]      ; HEX0[5]     ;       ; 6.178 ; 6.178 ;       ;
; SW[10]     ; HEX0[0]     ;       ; 6.124 ; 6.124 ;       ;
; SW[10]     ; HEX0[1]     ; 6.082 ; 6.082 ; 6.082 ; 6.082 ;
; SW[10]     ; HEX0[2]     ; 6.013 ; 6.013 ; 6.013 ; 6.013 ;
; SW[10]     ; HEX0[3]     ;       ; 6.002 ; 6.002 ;       ;
; SW[10]     ; HEX0[4]     ;       ; 5.996 ; 5.996 ;       ;
; SW[10]     ; HEX0[5]     ;       ; 5.984 ; 5.984 ;       ;
; SW[11]     ; HEX0[0]     ;       ; 6.095 ; 6.095 ;       ;
; SW[11]     ; HEX0[1]     ; 6.033 ; 6.033 ; 6.033 ; 6.033 ;
; SW[11]     ; HEX0[2]     ; 6.213 ; 6.213 ; 6.213 ; 6.213 ;
; SW[11]     ; HEX0[3]     ;       ; 5.973 ; 5.973 ;       ;
; SW[11]     ; HEX0[4]     ;       ; 5.947 ; 5.947 ;       ;
; SW[11]     ; HEX0[5]     ;       ; 5.935 ; 5.935 ;       ;
; SW[11]     ; HEX0[6]     ;       ; 5.752 ; 5.752 ;       ;
; SW[12]     ; HEX0[0]     ; 6.568 ; 6.568 ; 6.568 ; 6.568 ;
; SW[12]     ; HEX0[1]     ; 6.527 ; 6.527 ; 6.527 ; 6.527 ;
; SW[12]     ; HEX0[3]     ; 6.446 ; 6.446 ; 6.446 ; 6.446 ;
; SW[12]     ; HEX0[4]     ; 6.440 ; 6.440 ; 6.440 ; 6.440 ;
; SW[12]     ; HEX0[5]     ; 6.428 ; 6.428 ; 6.428 ; 6.428 ;
; SW[13]     ; HEX0[0]     ; 6.410 ; 6.410 ; 6.410 ; 6.410 ;
; SW[13]     ; HEX0[1]     ; 6.368 ; 6.368 ; 6.368 ; 6.368 ;
; SW[13]     ; HEX0[2]     ; 6.299 ; 6.299 ; 6.299 ; 6.299 ;
; SW[13]     ; HEX0[3]     ; 6.288 ; 6.288 ; 6.288 ; 6.288 ;
; SW[13]     ; HEX0[4]     ; 6.282 ; 6.282 ; 6.282 ; 6.282 ;
; SW[13]     ; HEX0[5]     ; 6.270 ; 6.270 ; 6.270 ; 6.270 ;
; SW[14]     ; HEX0[0]     ; 6.394 ; 6.394 ; 6.394 ; 6.394 ;
; SW[14]     ; HEX0[1]     ; 6.332 ; 6.332 ; 6.332 ; 6.332 ;
; SW[14]     ; HEX0[2]     ; 6.512 ; 6.512 ; 6.512 ; 6.512 ;
; SW[14]     ; HEX0[3]     ; 6.272 ; 6.272 ; 6.272 ; 6.272 ;
; SW[14]     ; HEX0[4]     ; 6.246 ; 6.246 ; 6.246 ; 6.246 ;
; SW[14]     ; HEX0[5]     ; 6.234 ; 6.234 ; 6.234 ; 6.234 ;
; SW[14]     ; HEX0[6]     ; 6.051 ; 6.051 ; 6.051 ; 6.051 ;
; SW[15]     ; HEX0[0]     ; 6.681 ; 6.681 ; 6.681 ; 6.681 ;
; SW[15]     ; HEX0[1]     ; 6.640 ; 6.640 ; 6.640 ; 6.640 ;
; SW[15]     ; HEX0[3]     ; 6.559 ; 6.559 ; 6.559 ; 6.559 ;
; SW[15]     ; HEX0[4]     ; 6.553 ; 6.553 ; 6.553 ; 6.553 ;
; SW[15]     ; HEX0[5]     ; 6.541 ; 6.541 ; 6.541 ; 6.541 ;
; SW[16]     ; HEX0[0]     ; 6.536 ; 6.536 ; 6.536 ; 6.536 ;
; SW[16]     ; HEX0[1]     ; 6.494 ; 6.494 ; 6.494 ; 6.494 ;
; SW[16]     ; HEX0[2]     ; 6.425 ; 6.425 ; 6.425 ; 6.425 ;
; SW[16]     ; HEX0[3]     ; 6.414 ; 6.414 ; 6.414 ; 6.414 ;
; SW[16]     ; HEX0[4]     ; 6.408 ; 6.408 ; 6.408 ; 6.408 ;
; SW[16]     ; HEX0[5]     ; 6.396 ; 6.396 ; 6.396 ; 6.396 ;
; SW[17]     ; HEX0[0]     ; 6.388 ; 6.388 ; 6.388 ; 6.388 ;
; SW[17]     ; HEX0[1]     ; 6.326 ; 6.326 ; 6.326 ; 6.326 ;
; SW[17]     ; HEX0[2]     ; 6.506 ; 6.506 ; 6.506 ; 6.506 ;
; SW[17]     ; HEX0[3]     ; 6.266 ; 6.266 ; 6.266 ; 6.266 ;
; SW[17]     ; HEX0[4]     ; 6.240 ; 6.240 ; 6.240 ; 6.240 ;
; SW[17]     ; HEX0[5]     ; 6.228 ; 6.228 ; 6.228 ; 6.228 ;
; SW[17]     ; HEX0[6]     ; 6.045 ; 6.045 ; 6.045 ; 6.045 ;
+------------+-------------+-------+-------+-------+-------+


+----------------------------------------------------------------------------+
; Multicorner Timing Analysis Summary                                        ;
+------------------+-------+------+----------+---------+---------------------+
; Clock            ; Setup ; Hold ; Recovery ; Removal ; Minimum Pulse Width ;
+------------------+-------+------+----------+---------+---------------------+
; Worst-case Slack ; N/A   ; N/A  ; N/A      ; N/A     ; N/A                 ;
; Design-wide TNS  ; 0.0   ; 0.0  ; 0.0      ; 0.0     ; 0.0                 ;
+------------------+-------+------+----------+---------+---------------------+


+--------------------------------------------------------------+
; Progagation Delay                                            ;
+------------+-------------+--------+--------+--------+--------+
; Input Port ; Output Port ; RR     ; RF     ; FR     ; FF     ;
+------------+-------------+--------+--------+--------+--------+
; KEY[0]     ; HEX0[0]     ; 12.524 ; 14.631 ; 14.631 ; 12.524 ;
; KEY[0]     ; HEX0[1]     ; 14.582 ; 14.582 ; 14.582 ; 14.582 ;
; KEY[0]     ; HEX0[2]     ; 14.161 ; 14.161 ; 14.161 ; 14.161 ;
; KEY[0]     ; HEX0[3]     ; 12.266 ; 14.373 ; 14.373 ; 12.266 ;
; KEY[0]     ; HEX0[4]     ; 12.916 ; 14.359 ; 14.359 ; 12.916 ;
; KEY[0]     ; HEX0[5]     ; 12.245 ; 14.352 ; 14.352 ; 12.245 ;
; KEY[0]     ; HEX0[6]     ; 11.517 ; 12.241 ; 12.241 ; 11.517 ;
; KEY[1]     ; HEX0[0]     ; 13.580 ; 13.580 ; 13.580 ; 13.580 ;
; KEY[1]     ; HEX0[1]     ; 13.501 ; 13.501 ; 13.501 ; 13.501 ;
; KEY[1]     ; HEX0[2]     ; 13.185 ; 13.185 ; 13.185 ; 13.185 ;
; KEY[1]     ; HEX0[3]     ; 13.322 ; 13.322 ; 13.322 ; 13.322 ;
; KEY[1]     ; HEX0[4]     ; 13.287 ; 13.287 ; 13.287 ; 13.287 ;
; KEY[1]     ; HEX0[5]     ; 13.301 ; 13.301 ; 13.301 ; 13.301 ;
; KEY[1]     ; HEX0[6]     ; 12.162 ; 12.162 ; 12.162 ; 12.162 ;
; KEY[2]     ; HEX0[0]     ; 13.356 ; 13.356 ; 13.356 ; 13.356 ;
; KEY[2]     ; HEX0[1]     ; 13.280 ; 13.280 ; 13.280 ; 13.280 ;
; KEY[2]     ; HEX0[2]     ; 12.964 ; 12.964 ; 12.964 ; 12.964 ;
; KEY[2]     ; HEX0[3]     ; 13.098 ; 13.098 ; 13.098 ; 13.098 ;
; KEY[2]     ; HEX0[4]     ; 13.063 ; 13.063 ; 13.063 ; 13.063 ;
; KEY[2]     ; HEX0[5]     ; 13.077 ; 13.077 ; 13.077 ; 13.077 ;
; KEY[2]     ; HEX0[6]     ; 11.941 ; 11.941 ; 11.941 ; 11.941 ;
; SW[0]      ; HEX0[0]     ;        ; 12.663 ; 12.663 ;        ;
; SW[0]      ; HEX0[1]     ;        ; 12.584 ; 12.584 ;        ;
; SW[0]      ; HEX0[3]     ;        ; 12.405 ; 12.405 ;        ;
; SW[0]      ; HEX0[4]     ; 12.370 ; 12.370 ; 12.370 ; 12.370 ;
; SW[0]      ; HEX0[5]     ;        ; 12.384 ; 12.384 ;        ;
; SW[1]      ; HEX0[0]     ;        ; 12.539 ; 12.539 ;        ;
; SW[1]      ; HEX0[1]     ; 12.490 ; 12.490 ; 12.490 ; 12.490 ;
; SW[1]      ; HEX0[2]     ; 12.069 ; 12.069 ; 12.069 ; 12.069 ;
; SW[1]      ; HEX0[3]     ;        ; 12.281 ; 12.281 ;        ;
; SW[1]      ; HEX0[4]     ;        ; 12.267 ; 12.267 ;        ;
; SW[1]      ; HEX0[5]     ;        ; 12.260 ; 12.260 ;        ;
; SW[2]      ; HEX0[0]     ;        ; 12.645 ; 12.645 ;        ;
; SW[2]      ; HEX0[1]     ; 12.596 ; 12.596 ; 12.596 ; 12.596 ;
; SW[2]      ; HEX0[2]     ; 12.962 ; 12.962 ; 12.962 ; 12.962 ;
; SW[2]      ; HEX0[3]     ;        ; 12.387 ; 12.387 ;        ;
; SW[2]      ; HEX0[4]     ;        ; 12.377 ; 12.377 ;        ;
; SW[2]      ; HEX0[5]     ;        ; 12.366 ; 12.366 ;        ;
; SW[2]      ; HEX0[6]     ;        ; 11.939 ; 11.939 ;        ;
; SW[3]      ; HEX0[0]     ;        ; 12.447 ; 12.447 ;        ;
; SW[3]      ; HEX0[1]     ;        ; 12.368 ; 12.368 ;        ;
; SW[3]      ; HEX0[3]     ;        ; 12.189 ; 12.189 ;        ;
; SW[3]      ; HEX0[4]     ; 12.154 ; 12.154 ; 12.154 ; 12.154 ;
; SW[3]      ; HEX0[5]     ;        ; 12.168 ; 12.168 ;        ;
; SW[4]      ; HEX0[0]     ;        ; 12.197 ; 12.197 ;        ;
; SW[4]      ; HEX0[1]     ; 12.148 ; 12.148 ; 12.148 ; 12.148 ;
; SW[4]      ; HEX0[2]     ; 11.727 ; 11.727 ; 11.727 ; 11.727 ;
; SW[4]      ; HEX0[3]     ;        ; 11.939 ; 11.939 ;        ;
; SW[4]      ; HEX0[4]     ;        ; 11.925 ; 11.925 ;        ;
; SW[4]      ; HEX0[5]     ;        ; 11.918 ; 11.918 ;        ;
; SW[5]      ; HEX0[0]     ;        ; 12.143 ; 12.143 ;        ;
; SW[5]      ; HEX0[1]     ; 12.094 ; 12.094 ; 12.094 ; 12.094 ;
; SW[5]      ; HEX0[2]     ; 12.460 ; 12.460 ; 12.460 ; 12.460 ;
; SW[5]      ; HEX0[3]     ;        ; 11.885 ; 11.885 ;        ;
; SW[5]      ; HEX0[4]     ;        ; 11.875 ; 11.875 ;        ;
; SW[5]      ; HEX0[5]     ;        ; 11.864 ; 11.864 ;        ;
; SW[5]      ; HEX0[6]     ;        ; 11.437 ; 11.437 ;        ;
; SW[6]      ; HEX0[0]     ;        ; 12.721 ; 12.721 ;        ;
; SW[6]      ; HEX0[1]     ;        ; 12.642 ; 12.642 ;        ;
; SW[6]      ; HEX0[3]     ;        ; 12.463 ; 12.463 ;        ;
; SW[6]      ; HEX0[4]     ; 12.428 ; 12.428 ; 12.428 ; 12.428 ;
; SW[6]      ; HEX0[5]     ;        ; 12.442 ; 12.442 ;        ;
; SW[7]      ; HEX0[0]     ;        ; 12.220 ; 12.220 ;        ;
; SW[7]      ; HEX0[1]     ; 12.171 ; 12.171 ; 12.171 ; 12.171 ;
; SW[7]      ; HEX0[2]     ; 11.945 ; 11.945 ; 11.945 ; 11.945 ;
; SW[7]      ; HEX0[3]     ;        ; 11.962 ; 11.962 ;        ;
; SW[7]      ; HEX0[4]     ;        ; 11.948 ; 11.948 ;        ;
; SW[7]      ; HEX0[5]     ;        ; 11.941 ; 11.941 ;        ;
; SW[8]      ; HEX0[0]     ;        ; 11.513 ; 11.513 ;        ;
; SW[8]      ; HEX0[1]     ; 11.464 ; 11.464 ; 11.464 ; 11.464 ;
; SW[8]      ; HEX0[2]     ; 11.830 ; 11.830 ; 11.830 ; 11.830 ;
; SW[8]      ; HEX0[3]     ;        ; 11.255 ; 11.255 ;        ;
; SW[8]      ; HEX0[4]     ;        ; 11.245 ; 11.245 ;        ;
; SW[8]      ; HEX0[5]     ;        ; 11.234 ; 11.234 ;        ;
; SW[8]      ; HEX0[6]     ;        ; 10.807 ; 10.807 ;        ;
; SW[9]      ; HEX0[0]     ;        ; 11.833 ; 11.833 ;        ;
; SW[9]      ; HEX0[1]     ;        ; 11.754 ; 11.754 ;        ;
; SW[9]      ; HEX0[3]     ;        ; 11.575 ; 11.575 ;        ;
; SW[9]      ; HEX0[4]     ; 11.540 ; 11.540 ; 11.540 ; 11.540 ;
; SW[9]      ; HEX0[5]     ;        ; 11.554 ; 11.554 ;        ;
; SW[10]     ; HEX0[0]     ;        ; 11.394 ; 11.394 ;        ;
; SW[10]     ; HEX0[1]     ; 11.345 ; 11.345 ; 11.345 ; 11.345 ;
; SW[10]     ; HEX0[2]     ; 11.119 ; 11.119 ; 11.119 ; 11.119 ;
; SW[10]     ; HEX0[3]     ;        ; 11.136 ; 11.136 ;        ;
; SW[10]     ; HEX0[4]     ;        ; 11.122 ; 11.122 ;        ;
; SW[10]     ; HEX0[5]     ;        ; 11.115 ; 11.115 ;        ;
; SW[11]     ; HEX0[0]     ;        ; 11.270 ; 11.270 ;        ;
; SW[11]     ; HEX0[1]     ; 11.221 ; 11.221 ; 11.221 ; 11.221 ;
; SW[11]     ; HEX0[2]     ; 11.587 ; 11.587 ; 11.587 ; 11.587 ;
; SW[11]     ; HEX0[3]     ;        ; 11.012 ; 11.012 ;        ;
; SW[11]     ; HEX0[4]     ;        ; 11.002 ; 11.002 ;        ;
; SW[11]     ; HEX0[5]     ;        ; 10.991 ; 10.991 ;        ;
; SW[11]     ; HEX0[6]     ;        ; 10.564 ; 10.564 ;        ;
; SW[12]     ; HEX0[0]     ; 12.418 ; 12.418 ; 12.418 ; 12.418 ;
; SW[12]     ; HEX0[1]     ; 12.339 ; 12.339 ; 12.339 ; 12.339 ;
; SW[12]     ; HEX0[3]     ; 12.160 ; 12.160 ; 12.160 ; 12.160 ;
; SW[12]     ; HEX0[4]     ; 12.125 ; 12.125 ; 12.125 ; 12.125 ;
; SW[12]     ; HEX0[5]     ; 12.139 ; 12.139 ; 12.139 ; 12.139 ;
; SW[13]     ; HEX0[0]     ; 12.080 ; 12.080 ; 12.080 ; 12.080 ;
; SW[13]     ; HEX0[1]     ; 12.031 ; 12.031 ; 12.031 ; 12.031 ;
; SW[13]     ; HEX0[2]     ; 11.805 ; 11.805 ; 11.805 ; 11.805 ;
; SW[13]     ; HEX0[3]     ; 11.822 ; 11.822 ; 11.822 ; 11.822 ;
; SW[13]     ; HEX0[4]     ; 11.808 ; 11.808 ; 11.808 ; 11.808 ;
; SW[13]     ; HEX0[5]     ; 11.801 ; 11.801 ; 11.801 ; 11.801 ;
; SW[14]     ; HEX0[0]     ; 11.945 ; 11.945 ; 11.945 ; 11.945 ;
; SW[14]     ; HEX0[1]     ; 11.896 ; 11.896 ; 11.896 ; 11.896 ;
; SW[14]     ; HEX0[2]     ; 12.262 ; 12.262 ; 12.262 ; 12.262 ;
; SW[14]     ; HEX0[3]     ; 11.687 ; 11.687 ; 11.687 ; 11.687 ;
; SW[14]     ; HEX0[4]     ; 11.677 ; 11.677 ; 11.677 ; 11.677 ;
; SW[14]     ; HEX0[5]     ; 11.666 ; 11.666 ; 11.666 ; 11.666 ;
; SW[14]     ; HEX0[6]     ; 11.239 ; 11.239 ; 11.239 ; 11.239 ;
; SW[15]     ; HEX0[0]     ; 12.639 ; 12.639 ; 12.639 ; 12.639 ;
; SW[15]     ; HEX0[1]     ; 12.560 ; 12.560 ; 12.560 ; 12.560 ;
; SW[15]     ; HEX0[3]     ; 12.381 ; 12.381 ; 12.381 ; 12.381 ;
; SW[15]     ; HEX0[4]     ; 12.346 ; 12.346 ; 12.346 ; 12.346 ;
; SW[15]     ; HEX0[5]     ; 12.360 ; 12.360 ; 12.360 ; 12.360 ;
; SW[16]     ; HEX0[0]     ; 12.358 ; 12.358 ; 12.358 ; 12.358 ;
; SW[16]     ; HEX0[1]     ; 12.309 ; 12.309 ; 12.309 ; 12.309 ;
; SW[16]     ; HEX0[2]     ; 12.083 ; 12.083 ; 12.083 ; 12.083 ;
; SW[16]     ; HEX0[3]     ; 12.100 ; 12.100 ; 12.100 ; 12.100 ;
; SW[16]     ; HEX0[4]     ; 12.086 ; 12.086 ; 12.086 ; 12.086 ;
; SW[16]     ; HEX0[5]     ; 12.079 ; 12.079 ; 12.079 ; 12.079 ;
; SW[17]     ; HEX0[0]     ; 11.919 ; 11.919 ; 11.919 ; 11.919 ;
; SW[17]     ; HEX0[1]     ; 11.870 ; 11.870 ; 11.870 ; 11.870 ;
; SW[17]     ; HEX0[2]     ; 12.236 ; 12.236 ; 12.236 ; 12.236 ;
; SW[17]     ; HEX0[3]     ; 11.661 ; 11.661 ; 11.661 ; 11.661 ;
; SW[17]     ; HEX0[4]     ; 11.651 ; 11.651 ; 11.651 ; 11.651 ;
; SW[17]     ; HEX0[5]     ; 11.640 ; 11.640 ; 11.640 ; 11.640 ;
; SW[17]     ; HEX0[6]     ; 11.213 ; 11.213 ; 11.213 ; 11.213 ;
+------------+-------------+--------+--------+--------+--------+


+----------------------------------------------------------+
; Minimum Progagation Delay                                ;
+------------+-------------+-------+-------+-------+-------+
; Input Port ; Output Port ; RR    ; RF    ; FR    ; FF    ;
+------------+-------------+-------+-------+-------+-------+
; KEY[0]     ; HEX0[0]     ; 6.773 ; 7.088 ; 7.088 ; 6.773 ;
; KEY[0]     ; HEX0[1]     ; 6.711 ; 6.711 ; 6.711 ; 6.711 ;
; KEY[0]     ; HEX0[2]     ; 6.590 ; 6.590 ; 6.590 ; 6.590 ;
; KEY[0]     ; HEX0[3]     ; 6.651 ; 6.966 ; 6.966 ; 6.651 ;
; KEY[0]     ; HEX0[4]     ; 6.625 ; 6.752 ; 6.752 ; 6.625 ;
; KEY[0]     ; HEX0[5]     ; 6.613 ; 6.928 ; 6.928 ; 6.613 ;
; KEY[0]     ; HEX0[6]     ; 6.430 ; 6.745 ; 6.745 ; 6.430 ;
; KEY[1]     ; HEX0[0]     ; 6.808 ; 6.808 ; 6.808 ; 6.808 ;
; KEY[1]     ; HEX0[1]     ; 6.746 ; 6.746 ; 6.746 ; 6.746 ;
; KEY[1]     ; HEX0[2]     ; 6.698 ; 6.698 ; 6.698 ; 6.698 ;
; KEY[1]     ; HEX0[3]     ; 6.686 ; 6.686 ; 6.686 ; 6.686 ;
; KEY[1]     ; HEX0[4]     ; 6.660 ; 6.660 ; 6.660 ; 6.660 ;
; KEY[1]     ; HEX0[5]     ; 6.648 ; 6.648 ; 6.648 ; 6.648 ;
; KEY[1]     ; HEX0[6]     ; 6.465 ; 6.465 ; 6.465 ; 6.465 ;
; KEY[2]     ; HEX0[0]     ; 6.839 ; 6.839 ; 6.839 ; 6.839 ;
; KEY[2]     ; HEX0[1]     ; 6.777 ; 6.777 ; 6.777 ; 6.777 ;
; KEY[2]     ; HEX0[2]     ; 6.893 ; 6.893 ; 6.893 ; 6.893 ;
; KEY[2]     ; HEX0[3]     ; 6.717 ; 6.717 ; 6.717 ; 6.717 ;
; KEY[2]     ; HEX0[4]     ; 6.691 ; 6.691 ; 6.691 ; 6.691 ;
; KEY[2]     ; HEX0[5]     ; 6.679 ; 6.679 ; 6.679 ; 6.679 ;
; KEY[2]     ; HEX0[6]     ; 6.496 ; 6.496 ; 6.496 ; 6.496 ;
; SW[0]      ; HEX0[0]     ;       ; 6.781 ; 6.781 ;       ;
; SW[0]      ; HEX0[1]     ;       ; 6.740 ; 6.740 ;       ;
; SW[0]      ; HEX0[3]     ;       ; 6.659 ; 6.659 ;       ;
; SW[0]      ; HEX0[4]     ; 6.653 ; 6.653 ; 6.653 ; 6.653 ;
; SW[0]      ; HEX0[5]     ;       ; 6.641 ; 6.641 ;       ;
; SW[1]      ; HEX0[0]     ;       ; 6.718 ; 6.718 ;       ;
; SW[1]      ; HEX0[1]     ; 6.676 ; 6.676 ; 6.676 ; 6.676 ;
; SW[1]      ; HEX0[2]     ; 6.509 ; 6.509 ; 6.509 ; 6.509 ;
; SW[1]      ; HEX0[3]     ;       ; 6.596 ; 6.596 ;       ;
; SW[1]      ; HEX0[4]     ;       ; 6.590 ; 6.590 ;       ;
; SW[1]      ; HEX0[5]     ;       ; 6.578 ; 6.578 ;       ;
; SW[2]      ; HEX0[0]     ;       ; 6.824 ; 6.824 ;       ;
; SW[2]      ; HEX0[1]     ; 6.762 ; 6.762 ; 6.762 ; 6.762 ;
; SW[2]      ; HEX0[2]     ; 6.942 ; 6.942 ; 6.942 ; 6.942 ;
; SW[2]      ; HEX0[3]     ;       ; 6.702 ; 6.702 ;       ;
; SW[2]      ; HEX0[4]     ;       ; 6.676 ; 6.676 ;       ;
; SW[2]      ; HEX0[5]     ;       ; 6.664 ; 6.664 ;       ;
; SW[2]      ; HEX0[6]     ;       ; 6.481 ; 6.481 ;       ;
; SW[3]      ; HEX0[0]     ;       ; 6.658 ; 6.658 ;       ;
; SW[3]      ; HEX0[1]     ;       ; 6.617 ; 6.617 ;       ;
; SW[3]      ; HEX0[3]     ;       ; 6.536 ; 6.536 ;       ;
; SW[3]      ; HEX0[4]     ; 6.530 ; 6.530 ; 6.530 ; 6.530 ;
; SW[3]      ; HEX0[5]     ;       ; 6.518 ; 6.518 ;       ;
; SW[4]      ; HEX0[0]     ;       ; 6.543 ; 6.543 ;       ;
; SW[4]      ; HEX0[1]     ; 6.501 ; 6.501 ; 6.501 ; 6.501 ;
; SW[4]      ; HEX0[2]     ; 6.334 ; 6.334 ; 6.334 ; 6.334 ;
; SW[4]      ; HEX0[3]     ;       ; 6.421 ; 6.421 ;       ;
; SW[4]      ; HEX0[4]     ;       ; 6.415 ; 6.415 ;       ;
; SW[4]      ; HEX0[5]     ;       ; 6.403 ; 6.403 ;       ;
; SW[5]      ; HEX0[0]     ;       ; 6.555 ; 6.555 ;       ;
; SW[5]      ; HEX0[1]     ; 6.493 ; 6.493 ; 6.493 ; 6.493 ;
; SW[5]      ; HEX0[2]     ; 6.673 ; 6.673 ; 6.673 ; 6.673 ;
; SW[5]      ; HEX0[3]     ;       ; 6.433 ; 6.433 ;       ;
; SW[5]      ; HEX0[4]     ;       ; 6.407 ; 6.407 ;       ;
; SW[5]      ; HEX0[5]     ;       ; 6.395 ; 6.395 ;       ;
; SW[5]      ; HEX0[6]     ;       ; 6.212 ; 6.212 ;       ;
; SW[6]      ; HEX0[0]     ;       ; 6.813 ; 6.813 ;       ;
; SW[6]      ; HEX0[1]     ;       ; 6.772 ; 6.772 ;       ;
; SW[6]      ; HEX0[3]     ;       ; 6.691 ; 6.691 ;       ;
; SW[6]      ; HEX0[4]     ; 6.685 ; 6.685 ; 6.685 ; 6.685 ;
; SW[6]      ; HEX0[5]     ;       ; 6.673 ; 6.673 ;       ;
; SW[7]      ; HEX0[0]     ;       ; 6.574 ; 6.574 ;       ;
; SW[7]      ; HEX0[1]     ; 6.532 ; 6.532 ; 6.532 ; 6.532 ;
; SW[7]      ; HEX0[2]     ; 6.463 ; 6.463 ; 6.463 ; 6.463 ;
; SW[7]      ; HEX0[3]     ;       ; 6.452 ; 6.452 ;       ;
; SW[7]      ; HEX0[4]     ;       ; 6.446 ; 6.446 ;       ;
; SW[7]      ; HEX0[5]     ;       ; 6.434 ; 6.434 ;       ;
; SW[8]      ; HEX0[0]     ;       ; 6.195 ; 6.195 ;       ;
; SW[8]      ; HEX0[1]     ; 6.133 ; 6.133 ; 6.133 ; 6.133 ;
; SW[8]      ; HEX0[2]     ; 6.313 ; 6.313 ; 6.313 ; 6.313 ;
; SW[8]      ; HEX0[3]     ;       ; 6.073 ; 6.073 ;       ;
; SW[8]      ; HEX0[4]     ;       ; 6.047 ; 6.047 ;       ;
; SW[8]      ; HEX0[5]     ;       ; 6.035 ; 6.035 ;       ;
; SW[8]      ; HEX0[6]     ;       ; 5.852 ; 5.852 ;       ;
; SW[9]      ; HEX0[0]     ;       ; 6.318 ; 6.318 ;       ;
; SW[9]      ; HEX0[1]     ;       ; 6.277 ; 6.277 ;       ;
; SW[9]      ; HEX0[3]     ;       ; 6.196 ; 6.196 ;       ;
; SW[9]      ; HEX0[4]     ; 6.190 ; 6.190 ; 6.190 ; 6.190 ;
; SW[9]      ; HEX0[5]     ;       ; 6.178 ; 6.178 ;       ;
; SW[10]     ; HEX0[0]     ;       ; 6.124 ; 6.124 ;       ;
; SW[10]     ; HEX0[1]     ; 6.082 ; 6.082 ; 6.082 ; 6.082 ;
; SW[10]     ; HEX0[2]     ; 6.013 ; 6.013 ; 6.013 ; 6.013 ;
; SW[10]     ; HEX0[3]     ;       ; 6.002 ; 6.002 ;       ;
; SW[10]     ; HEX0[4]     ;       ; 5.996 ; 5.996 ;       ;
; SW[10]     ; HEX0[5]     ;       ; 5.984 ; 5.984 ;       ;
; SW[11]     ; HEX0[0]     ;       ; 6.095 ; 6.095 ;       ;
; SW[11]     ; HEX0[1]     ; 6.033 ; 6.033 ; 6.033 ; 6.033 ;
; SW[11]     ; HEX0[2]     ; 6.213 ; 6.213 ; 6.213 ; 6.213 ;
; SW[11]     ; HEX0[3]     ;       ; 5.973 ; 5.973 ;       ;
; SW[11]     ; HEX0[4]     ;       ; 5.947 ; 5.947 ;       ;
; SW[11]     ; HEX0[5]     ;       ; 5.935 ; 5.935 ;       ;
; SW[11]     ; HEX0[6]     ;       ; 5.752 ; 5.752 ;       ;
; SW[12]     ; HEX0[0]     ; 6.568 ; 6.568 ; 6.568 ; 6.568 ;
; SW[12]     ; HEX0[1]     ; 6.527 ; 6.527 ; 6.527 ; 6.527 ;
; SW[12]     ; HEX0[3]     ; 6.446 ; 6.446 ; 6.446 ; 6.446 ;
; SW[12]     ; HEX0[4]     ; 6.440 ; 6.440 ; 6.440 ; 6.440 ;
; SW[12]     ; HEX0[5]     ; 6.428 ; 6.428 ; 6.428 ; 6.428 ;
; SW[13]     ; HEX0[0]     ; 6.410 ; 6.410 ; 6.410 ; 6.410 ;
; SW[13]     ; HEX0[1]     ; 6.368 ; 6.368 ; 6.368 ; 6.368 ;
; SW[13]     ; HEX0[2]     ; 6.299 ; 6.299 ; 6.299 ; 6.299 ;
; SW[13]     ; HEX0[3]     ; 6.288 ; 6.288 ; 6.288 ; 6.288 ;
; SW[13]     ; HEX0[4]     ; 6.282 ; 6.282 ; 6.282 ; 6.282 ;
; SW[13]     ; HEX0[5]     ; 6.270 ; 6.270 ; 6.270 ; 6.270 ;
; SW[14]     ; HEX0[0]     ; 6.394 ; 6.394 ; 6.394 ; 6.394 ;
; SW[14]     ; HEX0[1]     ; 6.332 ; 6.332 ; 6.332 ; 6.332 ;
; SW[14]     ; HEX0[2]     ; 6.512 ; 6.512 ; 6.512 ; 6.512 ;
; SW[14]     ; HEX0[3]     ; 6.272 ; 6.272 ; 6.272 ; 6.272 ;
; SW[14]     ; HEX0[4]     ; 6.246 ; 6.246 ; 6.246 ; 6.246 ;
; SW[14]     ; HEX0[5]     ; 6.234 ; 6.234 ; 6.234 ; 6.234 ;
; SW[14]     ; HEX0[6]     ; 6.051 ; 6.051 ; 6.051 ; 6.051 ;
; SW[15]     ; HEX0[0]     ; 6.681 ; 6.681 ; 6.681 ; 6.681 ;
; SW[15]     ; HEX0[1]     ; 6.640 ; 6.640 ; 6.640 ; 6.640 ;
; SW[15]     ; HEX0[3]     ; 6.559 ; 6.559 ; 6.559 ; 6.559 ;
; SW[15]     ; HEX0[4]     ; 6.553 ; 6.553 ; 6.553 ; 6.553 ;
; SW[15]     ; HEX0[5]     ; 6.541 ; 6.541 ; 6.541 ; 6.541 ;
; SW[16]     ; HEX0[0]     ; 6.536 ; 6.536 ; 6.536 ; 6.536 ;
; SW[16]     ; HEX0[1]     ; 6.494 ; 6.494 ; 6.494 ; 6.494 ;
; SW[16]     ; HEX0[2]     ; 6.425 ; 6.425 ; 6.425 ; 6.425 ;
; SW[16]     ; HEX0[3]     ; 6.414 ; 6.414 ; 6.414 ; 6.414 ;
; SW[16]     ; HEX0[4]     ; 6.408 ; 6.408 ; 6.408 ; 6.408 ;
; SW[16]     ; HEX0[5]     ; 6.396 ; 6.396 ; 6.396 ; 6.396 ;
; SW[17]     ; HEX0[0]     ; 6.388 ; 6.388 ; 6.388 ; 6.388 ;
; SW[17]     ; HEX0[1]     ; 6.326 ; 6.326 ; 6.326 ; 6.326 ;
; SW[17]     ; HEX0[2]     ; 6.506 ; 6.506 ; 6.506 ; 6.506 ;
; SW[17]     ; HEX0[3]     ; 6.266 ; 6.266 ; 6.266 ; 6.266 ;
; SW[17]     ; HEX0[4]     ; 6.240 ; 6.240 ; 6.240 ; 6.240 ;
; SW[17]     ; HEX0[5]     ; 6.228 ; 6.228 ; 6.228 ; 6.228 ;
; SW[17]     ; HEX0[6]     ; 6.045 ; 6.045 ; 6.045 ; 6.045 ;
+------------+-------------+-------+-------+-------+-------+


-------------------
; Clock Transfers ;
-------------------
Nothing to report.


---------------
; Report TCCS ;
---------------
No dedicated SERDES Transmitter circuitry present in device or used in design


---------------
; Report RSKM ;
---------------
No dedicated SERDES Receiver circuitry present in device or used in design


+------------------------------------------------+
; Unconstrained Paths                            ;
+---------------------------------+-------+------+
; Property                        ; Setup ; Hold ;
+---------------------------------+-------+------+
; Illegal Clocks                  ; 0     ; 0    ;
; Unconstrained Clocks            ; 0     ; 0    ;
; Unconstrained Input Ports       ; 21    ; 21   ;
; Unconstrained Input Port Paths  ; 129   ; 129  ;
; Unconstrained Output Ports      ; 7     ; 7    ;
; Unconstrained Output Port Paths ; 129   ; 129  ;
+---------------------------------+-------+------+


+------------------------------------+
; TimeQuest Timing Analyzer Messages ;
+------------------------------------+
Info: *******************************************************************
Info: Running Quartus II 64-Bit TimeQuest Timing Analyzer
    Info: Version 12.1 Build 243 01/31/2013 Service Pack 1 SJ Web Edition
    Info: Processing started: Thu Sep 28 11:16:01 2017
Info: Command: quartus_sta part4 -c part4
Info: qsta_default_script.tcl version: #1
Warning (20028): Parallel compilation is not licensed and has been disabled
Info (21077): Low junction temperature is 0 degrees C
Info (21077): High junction temperature is 85 degrees C
Critical Warning (332012): Synopsys Design Constraints File file not found: 'part4.sdc'. A Synopsys Design Constraints File is required by the TimeQuest Timing Analyzer to get proper timing constraints. Without it, the Compiler will not properly optimize the design.
Info (332142): No user constrained base clocks found in the design. Calling "derive_clocks -period 1.0"
Info (332096): The command derive_clocks did not find any clocks to derive.  No clocks were created or changed.
Warning (332068): No clocks defined in design.
Info: Found TIMEQUEST_REPORT_SCRIPT_INCLUDE_DEFAULT_ANALYSIS = ON
Info (332159): No clocks to report
Info: Analyzing Slow Model
Info (332140): No fmax paths to report
Info (332140): No Setup paths to report
Info (332140): No Hold paths to report
Info (332140): No Recovery paths to report
Info (332140): No Removal paths to report
Info (332140): No Minimum Pulse Width paths to report
Info (332001): The selected device family is not supported by the report_metastability command.
Info: Analyzing Fast Model
Info (332142): No user constrained base clocks found in the design. Calling "derive_clocks -period 1.0"
Info (332096): The command derive_clocks did not find any clocks to derive.  No clocks were created or changed.
Warning (332068): No clocks defined in design.
Info (332140): No Setup paths to report
Info (332140): No Hold paths to report
Info (332140): No Recovery paths to report
Info (332140): No Removal paths to report
Info (332140): No Minimum Pulse Width paths to report
Info (332001): The selected device family is not supported by the report_metastability command.
Info (332102): Design is not fully constrained for setup requirements
Info (332102): Design is not fully constrained for hold requirements
Info: Quartus II 64-Bit TimeQuest Timing Analyzer was successful. 0 errors, 4 warnings
    Info: Peak virtual memory: 432 megabytes
    Info: Processing ended: Thu Sep 28 11:16:04 2017
    Info: Elapsed time: 00:00:03
    Info: Total CPU time (on all processors): 00:00:01


